
> wheel-of-speed-frontend@0.1.0 test:e2e
> playwright test


Running 6 tests using 1 worker

  Ô£ô  1 [chromium] ÔÇ║ tests\lobby-flow.spec.js:3:1 ÔÇ║ create and join lobby starts match when both players are ready (787ms)
  Ô£ô  2 [chromium] ÔÇ║ tests\lobby-flow.spec.js:43:1 ÔÇ║ home page buttons are disabled until required input exists (178ms)
  Ô£ô  3 [chromium] ÔÇ║ tests\lobby-flow.spec.js:56:1 ÔÇ║ active player can spin wheel and guess word (979ms)
  Ô£ô  4 [chromium] ÔÇ║ tests\lobby-flow.spec.js:116:1 ÔÇ║ scoreboard updates with player scores after guess (1.3s)
  Ô£ÿ  5 [chromium] ÔÇ║ tests\lobby-flow.spec.js:173:1 ÔÇ║ round transition shows message when round ends (12.2s)
  Ô£ÿ  6 [chromium] ÔÇ║ tests\lobby-flow.spec.js:236:1 ÔÇ║ finished state displays match complete message (23.3s)


  1) [chromium] ÔÇ║ tests\lobby-flow.spec.js:173:1 ÔÇ║ round transition shows message when round ends ÔöÇÔöÇ

    Error: [2mexpect([22m[31mlocator[39m[2m).[22mtoBeVisible[2m([22m[2m)[22m failed

    Locator: getByText('Round ended ÔÇö next round starting soon')
    Expected: visible
    Timeout: 10000ms
    Error: element(s) not found

    Call log:
    [2m  - Expect "toBeVisible" with timeout 10000ms[22m
    [2m  - waiting for getByText('Round ended ÔÇö next round starting soon')[22m


      223 |
      224 |   // Verify round ended message appears on both clients
    > 225 |   await expect(hostPage.getByText('Round ended ÔÇö next round starting soon')).toBeVisible()
          |                                                                              ^
      226 |   await expect(guestPage.getByText('Round ended ÔÇö next round starting soon')).toBeVisible()
      227 |
      228 |   // Verify that the round advances to the next one
        at C:\Users\chris\OneDrive\Skrivbord\KODNING\wheel-of-speed\frontend\tests\lobby-flow.spec.js:225:78

    Error Context: test-results\lobby-flow-round-transition-shows-message-when-round-ends-chromium\error-context.md

  2) [chromium] ÔÇ║ tests\lobby-flow.spec.js:236:1 ÔÇ║ finished state displays match complete message ÔöÇÔöÇ

    Error: [2mexpect([22m[31mlocator[39m[2m).[22mtoBeVisible[2m([22m[2m)[22m failed

    Locator: getByRole('heading', { name: 'Match complete' })
    Expected: visible
    Timeout: 10000ms
    Error: element(s) not found

    Call log:
    [2m  - Expect "toBeVisible" with timeout 10000ms[22m
    [2m  - waiting for getByRole('heading', { name: 'Match complete' })[22m


      293 |
      294 |   // Verify match complete box appears on both clients
    > 295 |   await expect(hostPage.getByRole('heading', { name: 'Match complete' })).toBeVisible()
          |                                                                           ^
      296 |   await expect(guestPage.getByRole('heading', { name: 'Match complete' })).toBeVisible()
      297 |
      298 |   // Verify final scores are displayed
        at C:\Users\chris\OneDrive\Skrivbord\KODNING\wheel-of-speed\frontend\tests\lobby-flow.spec.js:295:75

    Error Context: test-results\lobby-flow-finished-state-displays-match-complete-message-chromium\error-context.md

  2 failed
    [chromium] ÔÇ║ tests\lobby-flow.spec.js:173:1 ÔÇ║ round transition shows message when round ends ÔöÇÔöÇÔöÇ
    [chromium] ÔÇ║ tests\lobby-flow.spec.js:236:1 ÔÇ║ finished state displays match complete message ÔöÇÔöÇÔöÇ
  4 passed (42.1s)

To open last HTML report run:
[36m[39m
[36m  npx playwright show-report[39m
[36m[39m
